2026-02-19 19:40:43,156 | INFO | NumExpr defaulting to 8 threads.
2026-02-19 19:40:45,505 | INFO | Received status code 200 for POST request
2026-02-19 19:40:45,505 | INFO | HTTP Response with status code 200, message: OK
2026-02-19 19:40:45,506 | INFO | Successfully opened session 01f10d9c-c8ad-16cc-808f-0516431ecffd
2026-02-19 19:40:46,589 | INFO | Received status code 200 for GET request
2026-02-19 19:40:46,816 | INFO | Connected to Databricks successfully
2026-02-19 19:40:47,350 | INFO | Received status code 200 for POST request
2026-02-19 19:40:47,350 | INFO | HTTP Response with status code 200, message: OK
2026-02-19 19:40:47,367 | INFO | Query executed in 550.33 ms
2026-02-19 19:40:47,367 | INFO | Closing session 01f10d9c-c8ad-16cc-808f-0516431ecffd
2026-02-19 19:40:47,692 | INFO | Received status code 200 for POST request
2026-02-19 19:40:47,693 | INFO | HTTP Response with status code 200, message: OK
2026-02-19 19:40:48,809 | INFO | Received status code 200 for POST request
2026-02-19 19:47:48,330 | INFO | NumExpr defaulting to 8 threads.
2026-02-19 19:47:50,791 | INFO | Received status code 200 for POST request
2026-02-19 19:47:50,792 | INFO | HTTP Response with status code 200, message: OK
2026-02-19 19:47:50,794 | INFO | Successfully opened session 01f10d9d-c62a-1eae-9804-0aea773c1615
2026-02-19 19:47:51,902 | INFO | Received status code 200 for GET request
2026-02-19 19:47:52,104 | INFO | Connected to Databricks successfully
2026-02-19 19:47:52,602 | INFO | Received status code 200 for POST request
2026-02-19 19:47:52,603 | INFO | HTTP Response with status code 200, message: OK
2026-02-19 19:47:52,621 | INFO | Query executed in 516.75 ms
2026-02-19 19:47:52,622 | INFO | Closing session 01f10d9d-c62a-1eae-9804-0aea773c1615
2026-02-19 19:47:52,949 | INFO | Received status code 200 for POST request
2026-02-19 19:47:52,950 | INFO | HTTP Response with status code 200, message: OK
2026-02-19 19:47:54,025 | INFO | Received status code 200 for POST request
2026-02-19 19:50:42,663 | INFO | NumExpr defaulting to 8 threads.
2026-02-19 19:50:45,050 | INFO | Received status code 200 for POST request
2026-02-19 19:50:45,050 | INFO | HTTP Response with status code 200, message: OK
2026-02-19 19:50:45,052 | INFO | Successfully opened session 01f10d9e-2e04-19a6-8f40-4f3b3e1ad907
2026-02-19 19:50:46,200 | INFO | Received status code 200 for GET request
2026-02-19 19:50:46,424 | INFO | Connected to Databricks successfully
2026-02-19 19:50:47,030 | INFO | Received status code 200 for POST request
2026-02-19 19:50:47,030 | INFO | HTTP Response with status code 200, message: OK
2026-02-19 19:50:47,050 | INFO | Query executed in 626.37 ms
2026-02-19 19:50:47,051 | INFO | Closing session 01f10d9e-2e04-19a6-8f40-4f3b3e1ad907
2026-02-19 19:50:47,379 | INFO | Received status code 200 for POST request
2026-02-19 19:50:47,379 | INFO | HTTP Response with status code 200, message: OK
2026-02-19 19:50:48,463 | INFO | Received status code 200 for POST request
2026-02-19 19:52:37,949 | INFO | NumExpr defaulting to 8 threads.
2026-02-19 19:52:40,183 | INFO | Received status code 200 for POST request
2026-02-19 19:52:40,184 | INFO | HTTP Response with status code 200, message: OK
2026-02-19 19:52:40,185 | INFO | Successfully opened session 01f10d9e-72ab-122b-a61f-7b7197442b4b
2026-02-19 19:52:41,280 | INFO | Received status code 200 for GET request
2026-02-19 19:52:41,480 | INFO | Connected to Databricks successfully
2026-02-19 19:52:41,934 | INFO | Received status code 200 for POST request
2026-02-19 19:52:41,934 | INFO | HTTP Response with status code 200, message: OK
2026-02-19 19:52:41,948 | INFO | Query executed in 467.38 ms
2026-02-19 19:52:41,948 | INFO | Closing session 01f10d9e-72ab-122b-a61f-7b7197442b4b
2026-02-19 19:52:42,293 | INFO | Received status code 200 for POST request
2026-02-19 19:52:42,293 | INFO | HTTP Response with status code 200, message: OK
2026-02-19 19:52:43,351 | INFO | Received status code 200 for POST request
2026-02-19 19:55:34,639 | INFO | NumExpr defaulting to 8 threads.
2026-02-19 19:55:36,963 | INFO | Received status code 200 for POST request
2026-02-19 19:55:36,963 | INFO | HTTP Response with status code 200, message: OK
2026-02-19 19:55:36,964 | INFO | Successfully opened session 01f10d9e-dc09-137b-9df8-e9893d01ce86
2026-02-19 19:55:38,043 | INFO | Received status code 200 for GET request
2026-02-19 19:55:38,231 | INFO | Connected to Databricks successfully
2026-02-19 19:55:38,720 | INFO | Received status code 200 for POST request
2026-02-19 19:55:38,720 | INFO | HTTP Response with status code 200, message: OK
2026-02-19 19:55:38,734 | INFO | Query executed in 502.61 ms
2026-02-19 19:55:38,734 | INFO | Closing session 01f10d9e-dc09-137b-9df8-e9893d01ce86
2026-02-19 19:55:39,058 | INFO | Received status code 200 for POST request
2026-02-19 19:55:39,058 | INFO | HTTP Response with status code 200, message: OK
2026-02-19 19:55:40,160 | INFO | Received status code 200 for POST request
2026-02-19 19:58:58,956 | INFO | NumExpr defaulting to 8 threads.
2026-02-19 19:59:01,262 | INFO | Received status code 200 for POST request
2026-02-19 19:59:01,262 | INFO | HTTP Response with status code 200, message: OK
2026-02-19 19:59:01,263 | INFO | Successfully opened session 01f10d9f-55cd-1720-84ca-50e9bd0cccbc
2026-02-19 19:59:02,322 | INFO | Received status code 200 for GET request
2026-02-19 19:59:02,519 | INFO | Connected to Databricks successfully
2026-02-19 19:59:03,041 | INFO | Received status code 200 for POST request
2026-02-19 19:59:03,041 | INFO | HTTP Response with status code 200, message: OK
2026-02-19 19:59:03,057 | INFO | Query executed in 537.29 ms
2026-02-19 19:59:03,057 | INFO | Closing session 01f10d9f-55cd-1720-84ca-50e9bd0cccbc
2026-02-19 19:59:03,380 | INFO | Received status code 200 for POST request
2026-02-19 19:59:03,380 | INFO | HTTP Response with status code 200, message: OK
2026-02-19 19:59:04,437 | INFO | Received status code 200 for POST request
2026-02-19 20:00:18,528 | INFO | NumExpr defaulting to 8 threads.
2026-02-19 20:00:21,161 | INFO | Received status code 200 for POST request
2026-02-19 20:00:21,162 | INFO | HTTP Response with status code 200, message: OK
2026-02-19 20:00:21,162 | INFO | Successfully opened session 01f10d9f-8570-18ac-875b-2ba6057dc0b1
2026-02-19 20:00:22,247 | INFO | Received status code 200 for GET request
2026-02-19 20:00:22,367 | INFO | Connected to Databricks successfully
2026-02-19 20:00:22,830 | INFO | Received status code 200 for POST request
2026-02-19 20:00:22,831 | INFO | HTTP Response with status code 200, message: OK
2026-02-19 20:00:22,849 | INFO | Query executed in 481.35 ms
2026-02-19 20:00:22,849 | INFO | Closing session 01f10d9f-8570-18ac-875b-2ba6057dc0b1
2026-02-19 20:00:23,176 | INFO | Received status code 200 for POST request
2026-02-19 20:00:23,176 | INFO | HTTP Response with status code 200, message: OK
2026-02-19 20:00:24,258 | INFO | Received status code 200 for POST request
2026-02-19 20:01:13,581 | INFO | NumExpr defaulting to 8 threads.
2026-02-19 20:01:16,147 | INFO | Received status code 200 for POST request
2026-02-19 20:01:16,148 | INFO | HTTP Response with status code 200, message: OK
2026-02-19 20:01:16,148 | INFO | Successfully opened session 01f10d9f-a637-1ec3-82e7-487aa372bbf9
2026-02-19 20:01:17,222 | INFO | Received status code 200 for GET request
2026-02-19 20:01:17,329 | INFO | Connected to Databricks successfully
2026-02-19 20:01:17,787 | INFO | Received status code 200 for POST request
2026-02-19 20:01:17,787 | INFO | HTTP Response with status code 200, message: OK
2026-02-19 20:01:17,803 | INFO | Query executed in 472.9 ms
2026-02-19 20:01:17,803 | INFO | Closing session 01f10d9f-a637-1ec3-82e7-487aa372bbf9
2026-02-19 20:01:18,108 | INFO | Received status code 200 for POST request
2026-02-19 20:01:18,109 | INFO | HTTP Response with status code 200, message: OK
2026-02-19 20:01:19,220 | INFO | Received status code 200 for POST request
2026-02-19 20:03:54,570 | INFO | NumExpr defaulting to 8 threads.
2026-02-19 20:03:57,022 | INFO | Received status code 200 for POST request
2026-02-19 20:03:57,022 | INFO | HTTP Response with status code 200, message: OK
2026-02-19 20:03:57,024 | INFO | Successfully opened session 01f10da0-0615-150a-8a95-0b48989246a6
2026-02-19 20:03:58,097 | INFO | Received status code 200 for GET request
2026-02-19 20:03:58,289 | INFO | Connected to Databricks successfully
2026-02-19 20:03:59,108 | INFO | Received status code 200 for POST request
2026-02-19 20:03:59,108 | INFO | HTTP Response with status code 200, message: OK
2026-02-19 20:03:59,130 | INFO | Query executed in 841.08 ms
2026-02-19 20:03:59,130 | INFO | Closing session 01f10da0-0615-150a-8a95-0b48989246a6
2026-02-19 20:03:59,441 | INFO | Received status code 200 for POST request
2026-02-19 20:03:59,441 | INFO | HTTP Response with status code 200, message: OK
2026-02-19 20:04:00,533 | INFO | Received status code 200 for POST request
